/Users/Zuly/Downloads/zuleyka.urieta.se300.assignment3/se300-final-master/src/main/java/com/se300/ledger/repository/TransactionRepository.java
/Users/Zuly/Downloads/zuleyka.urieta.se300.assignment3/se300-final-master/src/main/java/com/se300/ledger/model/Transaction.java
/Users/Zuly/Downloads/zuleyka.urieta.se300.assignment3/se300-final-master/src/main/java/com/se300/ledger/model/Account.java
/Users/Zuly/Downloads/zuleyka.urieta.se300.assignment3/se300-final-master/src/main/java/com/se300/ledger/service/LedgerAPI.java
/Users/Zuly/Downloads/zuleyka.urieta.se300.assignment3/se300-final-master/src/main/java/com/se300/ledger/service/Ledger.java
/Users/Zuly/Downloads/zuleyka.urieta.se300.assignment3/se300-final-master/src/main/java/com/se300/ledger/service/LedgerException.java
/Users/Zuly/Downloads/zuleyka.urieta.se300.assignment3/se300-final-master/src/main/java/com/se300/ledger/controller/CanaryController.java
/Users/Zuly/Downloads/zuleyka.urieta.se300.assignment3/se300-final-master/src/main/java/com/se300/ledger/repository/AccountRepository.java
/Users/Zuly/Downloads/zuleyka.urieta.se300.assignment3/se300-final-master/src/main/java/com/se300/ledger/model/Block.java
/Users/Zuly/Downloads/zuleyka.urieta.se300.assignment3/se300-final-master/src/main/java/com/se300/ledger/controller/LedgerRestController.java
/Users/Zuly/Downloads/zuleyka.urieta.se300.assignment3/se300-final-master/src/main/java/com/se300/ledger/config/ApplicationSecurityConfig.java
/Users/Zuly/Downloads/zuleyka.urieta.se300.assignment3/se300-final-master/src/main/java/com/se300/ledger/config/OpenAPIConfig.java
/Users/Zuly/Downloads/zuleyka.urieta.se300.assignment3/se300-final-master/src/main/java/com/se300/ledger/config/LedgerConfig.java
/Users/Zuly/Downloads/zuleyka.urieta.se300.assignment3/se300-final-master/src/main/java/com/se300/ledger/config/PasswordEncoderConfiguration.java
/Users/Zuly/Downloads/zuleyka.urieta.se300.assignment3/se300-final-master/src/main/java/com/se300/ledger/model/MerkleTrees.java
/Users/Zuly/Downloads/zuleyka.urieta.se300.assignment3/se300-final-master/src/main/java/com/se300/ledger/SmartStoreApplication.java
