com/se300/ledger/repository/TransactionRepositoryMockTest.class
com/se300/ledger/repository/FakeTransactionRepository.class
com/se300/ledger/repository/AccountRepositoryMockTest.class
com/se300/ledger/model/parametrized/ParametrizedTest.class
com/se300/ledger/model/TransactionTest.class
com/se300/ledger/model/AccountTest.class
com/se300/ledger/controller/LedgerRestExternalMockControllerTest.class
com/se300/ledger/controller/LedgerRestInternalMockControllerTest.class
com/se300/ledger/service/LedgerIntegrationTest.class
com/se300/ledger/model/stubs/StubTest.class
com/se300/ledger/repository/TransactionRepositoryIntegrationTest.class
com/se300/ledger/model/complete/CompleteTest.class
com/se300/ledger/model/assertions/AssertionsTest.class
com/se300/ledger/controller/LedgerRestMockControllerTest.class
com/se300/ledger/model/assumptions/AssumptionsTest.class
com/se300/ledger/repository/AccountRepositoryIntegrationTest.class
com/se300/ledger/controller/LedgerRestControllerTest.class
com/se300/ledger/model/mocks/MockTest.class
com/se300/ledger/repository/FakeAccountRepository.class
com/se300/ledger/TestSmartStoreApplication.class
com/se300/ledger/service/LedgerMockTest.class
com/se300/ledger/controller/AuthTest.class
