/Users/Zuly/Downloads/zuleyka.urieta.se300.assignment3/se300-final-master/src/test/java/com/se300/ledger/model/parametrized/ParametrizedTest.java
/Users/Zuly/Downloads/zuleyka.urieta.se300.assignment3/se300-final-master/src/test/java/com/se300/ledger/model/assertions/AssertionsTest.java
/Users/Zuly/Downloads/zuleyka.urieta.se300.assignment3/se300-final-master/src/test/java/com/se300/ledger/repository/TransactionRepositoryMockTest.java
/Users/Zuly/Downloads/zuleyka.urieta.se300.assignment3/se300-final-master/src/test/java/com/se300/ledger/TestSmartStoreApplication.java
/Users/Zuly/Downloads/zuleyka.urieta.se300.assignment3/se300-final-master/src/test/java/com/se300/ledger/service/LedgerMockTest.java
/Users/Zuly/Downloads/zuleyka.urieta.se300.assignment3/se300-final-master/src/test/java/com/se300/ledger/controller/LedgerRestExternalMockControllerTest.java
/Users/Zuly/Downloads/zuleyka.urieta.se300.assignment3/se300-final-master/src/test/java/com/se300/ledger/model/assumptions/AssumptionsTest.java
/Users/Zuly/Downloads/zuleyka.urieta.se300.assignment3/se300-final-master/src/test/java/com/se300/ledger/repository/AccountRepositoryIntegrationTest.java
/Users/Zuly/Downloads/zuleyka.urieta.se300.assignment3/se300-final-master/src/test/java/com/se300/ledger/model/AccountTest.java
/Users/Zuly/Downloads/zuleyka.urieta.se300.assignment3/se300-final-master/src/test/java/com/se300/ledger/repository/FakeTransactionRepository.java
/Users/Zuly/Downloads/zuleyka.urieta.se300.assignment3/se300-final-master/src/test/java/com/se300/ledger/model/mocks/MockTest.java
/Users/Zuly/Downloads/zuleyka.urieta.se300.assignment3/se300-final-master/src/test/java/com/se300/ledger/service/LedgerIntegrationTest.java
/Users/Zuly/Downloads/zuleyka.urieta.se300.assignment3/se300-final-master/src/test/java/com/se300/ledger/controller/AuthTest.java
/Users/Zuly/Downloads/zuleyka.urieta.se300.assignment3/se300-final-master/src/test/java/com/se300/ledger/controller/LedgerRestInternalMockControllerTest.java
/Users/Zuly/Downloads/zuleyka.urieta.se300.assignment3/se300-final-master/src/test/java/com/se300/ledger/controller/LedgerRestMockControllerTest.java
/Users/Zuly/Downloads/zuleyka.urieta.se300.assignment3/se300-final-master/src/test/java/com/se300/ledger/model/stubs/StubTest.java
/Users/Zuly/Downloads/zuleyka.urieta.se300.assignment3/se300-final-master/src/test/java/com/se300/ledger/controller/LedgerRestControllerTest.java
/Users/Zuly/Downloads/zuleyka.urieta.se300.assignment3/se300-final-master/src/test/java/com/se300/ledger/model/TransactionTest.java
/Users/Zuly/Downloads/zuleyka.urieta.se300.assignment3/se300-final-master/src/test/java/com/se300/ledger/repository/TransactionRepositoryIntegrationTest.java
/Users/Zuly/Downloads/zuleyka.urieta.se300.assignment3/se300-final-master/src/test/java/com/se300/ledger/model/complete/CompleteTest.java
/Users/Zuly/Downloads/zuleyka.urieta.se300.assignment3/se300-final-master/src/test/java/com/se300/ledger/repository/AccountRepositoryMockTest.java
/Users/Zuly/Downloads/zuleyka.urieta.se300.assignment3/se300-final-master/src/test/java/com/se300/ledger/repository/FakeAccountRepository.java
